
Memory Configuration

Name             Origin             Length             Attributes
FLASH            0x08000000         0x00100000         xr
RESULT_SRAM      0x20000000         0x00000004         xrw
SRAM             0x20000004         0x0001f3fc         xrw
*default*        0x00000000         0xffffffff

Linker script and memory map


.text           0x08000000      0xa68
 *(.isr_vector)
 .isr_vector    0x08000000      0x188 ../output/gpio_TS_01/ThoNV_stm32_startup.o
                0x08000000                vectors
 *(.text)
 .text          0x08000188      0x814 ../output/gpio_TS_01/stm32f407xx_gpio_driver.o
                0x08000188                GPIO_PeriClockControl
                0x08000290                GPIO_Init
                0x080005c8                GPIO_DeInit
                0x08000734                GPIO_ReadFromInputPin
                0x0800075e                GPIO_ReadFromInputPort
                0x08000778                GPIO_WriteToOutputPin
                0x080007c0                GPIO_WriteToOutputPort
                0x080007dc                GPIO_ToggleOutputPin
                0x08000804                GPIO_IRQInterruptConfig
                0x0800090c                GPIO_IRQPriorityConfig
                0x0800095e                GPIO_IRQHandling
 .text          0x0800099c       0x8c ../output/gpio_TS_01/ThoNV_stm32_startup.o
                0x0800099c                RTC_Alarm_IRQHandler
                0x0800099c                HASH_RNG_IRQHandler
                0x0800099c                EXTI2_IRQHandler
                0x0800099c                TIM8_CC_IRQHandler
                0x0800099c                DebugMon_Handler
                0x0800099c                TIM1_CC_IRQHandler
                0x0800099c                DMA2_Stream5_IRQHandler
                0x0800099c                HardFault_Handler
                0x0800099c                DMA1_Stream5_IRQHandler
                0x0800099c                SysTick_Handler
                0x0800099c                PVD_IRQHandler
                0x0800099c                SDIO_IRQHandler
                0x0800099c                TAMP_STAMP_IRQHandler
                0x0800099c                PendSV_Handler
                0x0800099c                NMI_Handler
                0x0800099c                CAN2_RX1_IRQHandler
                0x0800099c                EXTI3_IRQHandler
                0x0800099c                TIM8_TRG_COM_TIM14_IRQHandler
                0x0800099c                TIM1_UP_TIM10_IRQHandler
                0x0800099c                TIM8_UP_TIM13_IRQHandler
                0x0800099c                I2C3_ER_IRQHandler
                0x0800099c                EXTI0_IRQHandler
                0x0800099c                I2C2_EV_IRQHandler
                0x0800099c                DMA1_Stream2_IRQHandler
                0x0800099c                CAN1_RX0_IRQHandler
                0x0800099c                FPU_IRQHandler
                0x0800099c                OTG_HS_WKUP_IRQHandler
                0x0800099c                UsageFault_Handler
                0x0800099c                CAN2_SCE_IRQHandler
                0x0800099c                DMA2_Stream2_IRQHandler
                0x0800099c                SPI1_IRQHandler
                0x0800099c                TIM6_DAC_IRQHandler
                0x0800099c                TIM1_BRK_TIM9_IRQHandler
                0x0800099c                DCMI_IRQHandler
                0x0800099c                CAN2_RX0_IRQHandler
                0x0800099c                DMA2_Stream3_IRQHandler
                0x0800099c                USART6_IRQHandler
                0x0800099c                USART3_IRQHandler
                0x0800099c                CRYP_IRQHandler
                0x0800099c                DMA2_Stream6_IRQHandler
                0x0800099c                CAN1_RX1_IRQHandler
                0x0800099c                UART5_IRQHandler
                0x0800099c                DMA2_Stream0_IRQHandler
                0x0800099c                TIM4_IRQHandler
                0x0800099c                I2C1_EV_IRQHandler
                0x0800099c                DMA1_Stream6_IRQHandler
                0x0800099c                DMA1_Stream1_IRQHandler
                0x0800099c                UART4_IRQHandler
                0x0800099c                TIM3_IRQHandler
                0x0800099c                RCC_IRQHandler
                0x0800099c                TIM8_BRK_TIM12_IRQHandler
                0x0800099c                Default_Handler
                0x0800099c                EXTI15_10_IRQHandler
                0x0800099c                ADC_IRQHandler
                0x0800099c                DMA1_Stream7_IRQHandler
                0x0800099c                TIM7_IRQHandler
                0x0800099c                CAN2_TX_IRQHandler
                0x0800099c                TIM5_IRQHandler
                0x0800099c                DMA2_Stream7_IRQHandler
                0x0800099c                I2C3_EV_IRQHandler
                0x0800099c                EXTI9_5_IRQHandler
                0x0800099c                RTC_WKUP_IRQHandler
                0x0800099c                ETH_WKUP_IRQHandler
                0x0800099c                SPI2_IRQHandler
                0x0800099c                OTG_HS_EP1_IN_IRQHandler
                0x0800099c                MemManage_Handler
                0x0800099c                DMA1_Stream0_IRQHandler
                0x0800099c                CAN1_TX_IRQHandler
                0x0800099c                SVC_Handler
                0x0800099c                EXTI4_IRQHandler
                0x0800099c                FSMC_IRQHandler
                0x0800099c                ETH_IRQHandler
                0x0800099c                OTG_HS_EP1_OUT_IRQHandler
                0x0800099c                WWDG_IRQHandler
                0x0800099c                TIM2_IRQHandler
                0x0800099c                OTG_FS_WKUP_IRQHandler
                0x0800099c                TIM1_TRG_COM_TIM11_IRQHandler
                0x0800099c                OTG_HS_IRQHandler
                0x0800099c                EXTI1_IRQHandler
                0x0800099c                USART2_IRQHandler
                0x0800099c                I2C2_ER_IRQHandler
                0x0800099c                DMA2_Stream1_IRQHandler
                0x0800099c                CAN1_SCE_IRQHandler
                0x0800099c                DMA2_Stream4_IRQHandler
                0x0800099c                BusFault_Handler
                0x0800099c                USART1_IRQHandler
                0x0800099c                OTG_FS_IRQHandler
                0x0800099c                SPI3_IRQHandler
                0x0800099c                DMA1_Stream4_IRQHandler
                0x0800099c                I2C1_ER_IRQHandler
                0x0800099c                DMA1_Stream3_IRQHandler
                0x080009a2                Reset_Handler
 .text          0x08000a28       0x40 ../output/gpio_TS_01/result.o
                0x08000a28                CHECK_RESULT
                0x08000a50                RESET_RESULT
 *(.text.*)
 *(.init)
 *(.fini)
 *(.rodata)
 *(.rodata.*)
                0x08000a68                . = ALIGN (0x4)
                0x08000a68                _etext = .
                0x08000a68                _la_data = LOADADDR (.data)

.glue_7         0x08000a68        0x0
 .glue_7        0x08000a68        0x0 linker stubs

.glue_7t        0x08000a68        0x0
 .glue_7t       0x08000a68        0x0 linker stubs

.vfp11_veneer   0x08000a68        0x0
 .vfp11_veneer  0x08000a68        0x0 linker stubs

.v4_bx          0x08000a68        0x0
 .v4_bx         0x08000a68        0x0 linker stubs

.iplt           0x08000a68        0x0
 .iplt          0x08000a68        0x0 ../output/gpio_TS_01/stm32f407xx_gpio_driver.o

.rel.dyn        0x08000a68        0x0
 .rel.iplt      0x08000a68        0x0 ../output/gpio_TS_01/stm32f407xx_gpio_driver.o

.data           0x20000004        0x0 load address 0x08000a68
                0x20000004                _sdata = .
 *(.data)
 .data          0x20000004        0x0 ../output/gpio_TS_01/stm32f407xx_gpio_driver.o
 .data          0x20000004        0x0 ../output/gpio_TS_01/ThoNV_stm32_startup.o
 .data          0x20000004        0x0 ../output/gpio_TS_01/result.o
 *(.data.*)
                0x20000004                . = ALIGN (0x4)
                0x20000004                _edata = .

.igot.plt       0x20000004        0x0 load address 0x08000a68
 .igot.plt      0x20000004        0x0 ../output/gpio_TS_01/stm32f407xx_gpio_driver.o

.bss            0x20000004        0x0 load address 0x08000a68
                0x20000004                _sbss = .
                0x20000004                __bss_start__ = _sbss
 *(.bss)
 .bss           0x20000004        0x0 ../output/gpio_TS_01/stm32f407xx_gpio_driver.o
 .bss           0x20000004        0x0 ../output/gpio_TS_01/ThoNV_stm32_startup.o
 .bss           0x20000004        0x0 ../output/gpio_TS_01/result.o
 *(.bss.*)
 *(COMMON)
                0x20000004                . = ALIGN (0x4)
                0x20000004                _ebss = .
                0x20000004                __bss_end__ = _ebss
                0x20000004                . = ALIGN (0x4)
                0x20000004                end = .
                0x20000004                __end__ = .

.result         0x20000000        0x4
 *(.result)
 .result        0x20000000        0x4 ../output/gpio_TS_01/result.o
                0x20000000                u32Result
LOAD ../output/gpio_TS_01/stm32f407xx_gpio_driver.o
LOAD ../output/gpio_TS_01/ThoNV_stm32_startup.o
LOAD ../output/gpio_TS_01/result.o
OUTPUT(../output/gpio_TS_01/gpio.elf elf32-littlearm)
LOAD linker stubs

.debug_info     0x00000000      0x9bf
 .debug_info    0x00000000      0x7b9 ../output/gpio_TS_01/stm32f407xx_gpio_driver.o
 .debug_info    0x000007b9      0x188 ../output/gpio_TS_01/ThoNV_stm32_startup.o
 .debug_info    0x00000941       0x7e ../output/gpio_TS_01/result.o

.debug_abbrev   0x00000000      0x2cd
 .debug_abbrev  0x00000000      0x170 ../output/gpio_TS_01/stm32f407xx_gpio_driver.o
 .debug_abbrev  0x00000170       0xe6 ../output/gpio_TS_01/ThoNV_stm32_startup.o
 .debug_abbrev  0x00000256       0x77 ../output/gpio_TS_01/result.o

.debug_aranges  0x00000000       0x60
 .debug_aranges
                0x00000000       0x20 ../output/gpio_TS_01/stm32f407xx_gpio_driver.o
 .debug_aranges
                0x00000020       0x20 ../output/gpio_TS_01/ThoNV_stm32_startup.o
 .debug_aranges
                0x00000040       0x20 ../output/gpio_TS_01/result.o

.debug_line     0x00000000      0x712
 .debug_line    0x00000000      0x594 ../output/gpio_TS_01/stm32f407xx_gpio_driver.o
 .debug_line    0x00000594      0x12d ../output/gpio_TS_01/ThoNV_stm32_startup.o
 .debug_line    0x000006c1       0x51 ../output/gpio_TS_01/result.o

.debug_str      0x00000000      0x549
 .debug_str     0x00000000      0x49c ../output/gpio_TS_01/stm32f407xx_gpio_driver.o
                                0x4f9 (size before relaxing)
 .debug_str     0x0000049c       0x77 ../output/gpio_TS_01/ThoNV_stm32_startup.o
                                0x1a1 (size before relaxing)
 .debug_str     0x00000513       0x36 ../output/gpio_TS_01/result.o
                                 0xb6 (size before relaxing)

.comment        0x00000000       0x49
 .comment       0x00000000       0x49 ../output/gpio_TS_01/stm32f407xx_gpio_driver.o
                                 0x4a (size before relaxing)
 .comment       0x00000049       0x4a ../output/gpio_TS_01/ThoNV_stm32_startup.o
 .comment       0x00000049       0x4a ../output/gpio_TS_01/result.o

.ARM.attributes
                0x00000000       0x2d
 .ARM.attributes
                0x00000000       0x2d ../output/gpio_TS_01/stm32f407xx_gpio_driver.o
 .ARM.attributes
                0x0000002d       0x2d ../output/gpio_TS_01/ThoNV_stm32_startup.o
 .ARM.attributes
                0x0000005a       0x2d ../output/gpio_TS_01/result.o

.debug_frame    0x00000000      0x26c
 .debug_frame   0x00000000      0x1c8 ../output/gpio_TS_01/stm32f407xx_gpio_driver.o
 .debug_frame   0x000001c8       0x4c ../output/gpio_TS_01/ThoNV_stm32_startup.o
 .debug_frame   0x00000214       0x58 ../output/gpio_TS_01/result.o
